INFO Start
ERROR Failed
WARNING Low memory
ERROR Crash
